 Image caddy-caddy Building 
#1 [internal] load local bake definitions
#1 reading from stdin 516B done
#1 DONE 0.0s

#2 [internal] load build definition from Dockerfile
#2 transferring dockerfile: 313B done
#2 DONE 0.0s

#3 [internal] load metadata for docker.io/library/caddy:2
#3 DONE 0.0s

#4 [internal] load metadata for docker.io/library/caddy:2-builder
#4 DONE 0.2s

#5 [internal] load .dockerignore
#5 transferring context: 2B done
#5 DONE 0.0s

#6 [builder 1/2] FROM docker.io/library/caddy:2-builder@sha256:f96a3b748f2ce4e5f6595453615da734b93993b231213fe35d0673893b5613ef
#6 CACHED

#7 [stage-1 1/2] FROM docker.io/library/caddy:2
#7 CACHED

#8 [builder 2/2] RUN xcaddy build     --with /src/caddy-auth-request     --with github.com/caddy-dns/cloudflare
#8 0.371 2026/05/29 16:34:42 [INFO] absolute output file path: /usr/bin/caddy
#8 0.375 2026/05/29 16:34:42 [INFO] Temporary folder: /tmp/buildenv_2026-05-29-1634.4181510115
#8 0.375 2026/05/29 16:34:42 [INFO] Writing main module: /tmp/buildenv_2026-05-29-1634.4181510115/main.go
#8 0.375 package main
#8 0.375 
#8 0.375 import (
#8 0.375 	caddycmd "github.com/caddyserver/caddy/v2/cmd"
#8 0.375 
#8 0.375 	// plug in Caddy modules here
#8 0.375 	_ "github.com/caddyserver/caddy/v2/modules/standard"
#8 0.375 	_ "/src/caddy-auth-request"
#8 0.375 	_ "github.com/caddy-dns/cloudflare"
#8 0.375 )
#8 0.375 
#8 0.375 func main() {
#8 0.375 	caddycmd.Main()
#8 0.375 }
#8 0.375 2026/05/29 16:34:42 [INFO] Initializing Go module
#8 0.376 2026/05/29 16:34:42 [INFO] exec (timeout=0s): /usr/local/go/bin/go mod init caddy 
#8 0.392 go: creating new go.mod: module caddy
#8 0.397 go: to add module requirements and sums:
#8 0.397 	go mod tidy
#8 0.400 2026/05/29 16:34:42 [INFO] Pinning versions
#8 0.401 2026/05/29 16:34:42 [INFO] exec (timeout=0s): /usr/local/go/bin/go get -v github.com/caddyserver/caddy/v2@v2.11.3 
#8 0.534 go: downloading github.com/caddyserver/caddy/v2 v2.11.3
#8 1.225 go: downloading github.com/caddyserver/certmagic v0.25.3
#8 1.226 go: downloading github.com/cespare/xxhash/v2 v2.3.0
#8 1.318 go: downloading github.com/cespare/xxhash v1.1.0
#8 1.385 go: downloading github.com/google/uuid v1.6.0
#8 1.418 go: downloading github.com/prometheus/client_golang v1.23.2
#8 1.624 go: downloading github.com/quic-go/quic-go v0.59.1
#8 2.028 go: downloading go.uber.org/zap/exp v0.3.0
#8 2.029 go: downloading go.uber.org/zap v1.27.1
#8 2.218 go: downloading golang.org/x/sys v0.43.0
#8 2.822 go: downloading golang.org/x/term v0.42.0
#8 2.822 go: downloading golang.org/x/time v0.15.0
#8 3.186 go: downloading github.com/caddyserver/zerossl v0.1.5
#8 3.188 go: downloading github.com/klauspost/cpuid/v2 v2.3.0
#8 3.259 go: downloading github.com/libdns/libdns v1.1.1
#8 3.278 go: downloading github.com/mholt/acmez/v3 v3.1.6
#8 3.374 go: downloading github.com/miekg/dns v1.1.72
#8 3.375 go: downloading github.com/zeebo/blake3 v0.2.4
#8 3.510 go: downloading golang.org/x/crypto v0.50.0
#8 3.559 go: downloading golang.org/x/net v0.53.0
#8 4.093 go: downloading github.com/beorn7/perks v1.0.1
#8 4.184 go: downloading github.com/prometheus/client_model v0.6.2
#8 4.270 go: downloading github.com/prometheus/common v0.67.5
#8 4.451 go: downloading github.com/prometheus/procfs v0.20.1
#8 4.451 go: downloading google.golang.org/protobuf v1.36.11
#8 5.300 go: downloading github.com/quic-go/qpack v0.6.0
#8 5.304 go: downloading go.uber.org/multierr v1.11.0
#8 5.529 go: downloading golang.org/x/tools v0.44.0
#8 5.538 go: downloading golang.org/x/text v0.36.0
#8 7.216 go: downloading github.com/munnerz/goautoneg v0.0.0-20191010083416-a7dc8b61c822
#8 7.216 go: downloading go.yaml.in/yaml/v2 v2.4.4
#8 7.318 go: downloading golang.org/x/sync v0.20.0
#8 7.350 go: downloading golang.org/x/mod v0.35.0
#8 8.616 go: added github.com/beorn7/perks v1.0.1
#8 8.616 go: added github.com/caddyserver/caddy/v2 v2.11.3
#8 8.616 go: added github.com/caddyserver/certmagic v0.25.3
#8 8.616 go: added github.com/caddyserver/zerossl v0.1.5
#8 8.616 go: added github.com/cespare/xxhash/v2 v2.3.0
#8 8.616 go: added github.com/google/uuid v1.6.0
#8 8.616 go: added github.com/klauspost/cpuid/v2 v2.3.0
#8 8.616 go: added github.com/libdns/libdns v1.1.1
#8 8.616 go: added github.com/mholt/acmez/v3 v3.1.6
#8 8.616 go: added github.com/miekg/dns v1.1.72
#8 8.616 go: added github.com/munnerz/goautoneg v0.0.0-20191010083416-a7dc8b61c822
#8 8.616 go: added github.com/prometheus/client_golang v1.23.2
#8 8.616 go: added github.com/prometheus/client_model v0.6.2
#8 8.616 go: added github.com/prometheus/common v0.67.5
#8 8.616 go: added github.com/prometheus/procfs v0.20.1
#8 8.616 go: added github.com/quic-go/qpack v0.6.0
#8 8.616 go: added github.com/quic-go/quic-go v0.59.1
#8 8.616 go: added github.com/zeebo/blake3 v0.2.4
#8 8.616 go: added go.uber.org/multierr v1.11.0
#8 8.616 go: added go.uber.org/zap v1.27.1
#8 8.616 go: added go.uber.org/zap/exp v0.3.0
#8 8.616 go: added go.yaml.in/yaml/v2 v2.4.4
#8 8.616 go: added golang.org/x/crypto v0.50.0
#8 8.616 go: added golang.org/x/mod v0.35.0
#8 8.616 go: added golang.org/x/net v0.53.0
#8 8.616 go: added golang.org/x/sync v0.20.0
#8 8.616 go: added golang.org/x/sys v0.43.0
#8 8.616 go: added golang.org/x/term v0.42.0
#8 8.616 go: added golang.org/x/text v0.36.0
#8 8.616 go: added golang.org/x/time v0.15.0
#8 8.616 go: added golang.org/x/tools v0.44.0
#8 8.616 go: added google.golang.org/protobuf v1.36.11
#8 8.620 2026/05/29 16:34:51 [INFO] exec (timeout=0s): /usr/local/go/bin/go get -v /src/caddy-auth-request github.com/caddyserver/caddy/v2@v2.11.3 
#8 8.758 go: /src/caddy-auth-request is not within module rooted at /tmp/buildenv_2026-05-29-1634.4181510115
#8 8.760 2026/05/29 16:34:51 [FATAL] exit status 1
#8 ERROR: process "/bin/sh -c xcaddy build     --with /src/caddy-auth-request     --with github.com/caddy-dns/cloudflare" did not complete successfully: exit code: 1
------
 > [builder 2/2] RUN xcaddy build     --with /src/caddy-auth-request     --with github.com/caddy-dns/cloudflare:
8.616 go: added golang.org/x/sync v0.20.0
8.616 go: added golang.org/x/sys v0.43.0
8.616 go: added golang.org/x/term v0.42.0
8.616 go: added golang.org/x/text v0.36.0
8.616 go: added golang.org/x/time v0.15.0
8.616 go: added golang.org/x/tools v0.44.0
8.616 go: added google.golang.org/protobuf v1.36.11
8.620 2026/05/29 16:34:51 [INFO] exec (timeout=0s): /usr/local/go/bin/go get -v /src/caddy-auth-request github.com/caddyserver/caddy/v2@v2.11.3 
8.758 go: /src/caddy-auth-request is not within module rooted at /tmp/buildenv_2026-05-29-1634.4181510115
8.760 2026/05/29 16:34:51 [FATAL] exit status 1
------
Dockerfile:4

--------------------

   3 |     FROM caddy:2-builder AS builder

   4 | >>> RUN xcaddy build \

   5 | >>>     --with /src/caddy-auth-request \

   6 | >>>     --with github.com/caddy-dns/cloudflare

   7 |     

--------------------

failed to solve: process "/bin/sh -c xcaddy build     --with /src/caddy-auth-request     --with github.com/caddy-dns/cloudflare" did not complete successfully: exit code: 1

